{smcl}
{com}{sf}{ul off}{txt}{.-}
      name:  {res}<unnamed>
       {txt}log:  {res}D:\Sony\Econometrics\AdvEcon\Exercise2_prob1.smcl
  {txt}log type:  {res}smcl
 {txt}opened on:  {res}29 Sep 2016, 17:43:37
{txt}
{com}. import delimited D:\Sony\Econometrics\AdvEcon\data\tck-data-q.txt
{res}{text}(3 vars, 76 obs)

{com}. 
. encode time, gen(t)
{txt}
{com}. 
. gen first = 0
{txt}
{com}. replace first =1 if t > "1984q1"
{err}type mismatch
{txt}{search r(109), local:r(109);}

end of do-file

{search r(109), local:r(109);}

{com}. do "C:\Users\AYSPS\AppData\Local\Temp\STD00000000.tmp"
{txt}
{com}. replace first =1 if t > 1984q1
{err}1984q1 invalid name
{txt}{search r(198), local:r(198);}

end of do-file

{search r(198), local:r(198);}

{com}. do "C:\Users\AYSPS\AppData\Local\Temp\STD00000000.tmp"
{txt}
{com}. clear all
{txt}
{com}. cd D:\Sony\Econometrics\AdvEcon
{res}D:\Sony\Econometrics\AdvEcon
{txt}
{com}. log using Exercise2_prob1.smcl, replace
{err}log file already open
{txt}{search r(604), local:r(604);}

end of do-file

{search r(604), local:r(604);}

{com}. do "C:\Users\AYSPS\AppData\Local\Temp\STD00000000.tmp"
{txt}
{com}. clear all
{txt}
{com}. cd D:\Sony\Econometrics\AdvEcon
{res}D:\Sony\Econometrics\AdvEcon
{txt}
{com}. *log using Exercise2_prob1.smcl, replace
. import delimited D:\Sony\Econometrics\AdvEcon\data\tck-data-q.txt
{res}{text}(3 vars, 76 obs)

{com}. 
. encode time, gen(t)
{txt}
{com}. 
. gen first = 0
{txt}
{com}. replace first =1 if t > 1984q1
{err}1984q1 invalid name
{txt}{search r(198), local:r(198);}

end of do-file

{search r(198), local:r(198);}

{com}. do "C:\Users\AYSPS\AppData\Local\Temp\STD00000000.tmp"
{txt}
{com}. clear all
{txt}
{com}. cd D:\Sony\Econometrics\AdvEcon
{res}D:\Sony\Econometrics\AdvEcon
{txt}
{com}. *log using Exercise2_prob1.smcl, replace
. import delimited D:\Sony\Econometrics\AdvEcon\data\tck-data-q.txt
{res}{text}(3 vars, 76 obs)

{com}. 
. encode time, gen(t)
{txt}
{com}. 
. gen first = 0
{txt}
{com}. replace first =1 if t > 41
{txt}(35 real changes made)

{com}. gen second = 0
{txt}
{com}. replace second =1 if t > 54
{txt}(22 real changes made)

{com}. 
{txt}end of do-file

{com}. do "C:\Users\AYSPS\AppData\Local\Temp\STD00000000.tmp"
{txt}
{com}. clear all
{txt}
{com}. import delimited D:\Sony\Econometrics\AdvEcon\data\tck-data-m.txt
{res}{text}(3 vars, 228 obs)

{com}. encode time, gen(t)
{txt}
{com}. gen first = 0
{txt}
{com}. replace first =1 if t >= 125
{txt}(104 real changes made)

{com}. gen second = 0
{txt}
{com}. replace second =1 if t >= 161
{txt}(68 real changes made)

{com}. reg fr_y first second fr_o

{txt}      Source {c |}       SS           df       MS      Number of obs   ={res}       228
{txt}{hline 13}{c +}{hline 34}   F(3, 224)       = {res}   272.29
{txt}       Model {c |} {res} .013024862         3  .004341621   {txt}Prob > F        ={res}    0.0000
{txt}    Residual {c |} {res} .003571608       224  .000015945   {txt}R-squared       ={res}    0.7848
{txt}{hline 13}{c +}{hline 34}   Adj R-squared   ={res}    0.7819
{txt}       Total {c |} {res}  .01659647       227  .000073112   {txt}Root MSE        =   {res} .00399

{txt}{hline 13}{c TT}{hline 11}{hline 11}{hline 9}{hline 8}{hline 13}{hline 12}
{col 1}        fr_y{col 14}{c |}      Coef.{col 26}   Std. Err.{col 38}      t{col 46}   P>|t|{col 54}     [95% Con{col 67}f. Interval]
{hline 13}{c +}{hline 11}{hline 11}{hline 9}{hline 8}{hline 13}{hline 12}
{space 7}first {c |}{col 14}{res}{space 2}-.0031054{col 26}{space 2} .0009423{col 37}{space 1}   -3.30{col 46}{space 3}0.001{col 54}{space 4}-.0049622{col 67}{space 3}-.0012485
{txt}{space 6}second {c |}{col 14}{res}{space 2}-.0004845{col 26}{space 2} .0008298{col 37}{space 1}   -0.58{col 46}{space 3}0.560{col 54}{space 4}-.0021197{col 67}{space 3} .0011507
{txt}{space 8}fr_o {c |}{col 14}{res}{space 2} 1.289955{col 26}{space 2} .0862877{col 37}{space 1}   14.95{col 46}{space 3}0.000{col 54}{space 4} 1.119915{col 67}{space 3} 1.459994
{txt}{space 7}_cons {c |}{col 14}{res}{space 2} .0143546{col 26}{space 2} .0012755{col 37}{space 1}   11.25{col 46}{space 3}0.000{col 54}{space 4} .0118411{col 67}{space 3} .0168681
{txt}{hline 13}{c BT}{hline 11}{hline 11}{hline 9}{hline 8}{hline 13}{hline 12}
{res}{txt}
{com}. 
{txt}end of do-file

{com}. exit, clear
